// Jest Snapshot v1, https://goo.gl/fbAQLP

exports[`SearchParams matches the snapshot 1`] = `
<DocumentFragment>
  <div
    class="search-params"
  >
    <form
      action="/"
    >
      <label
        for="location"
      >
        Location
        <input
          id="location"
          name="location"
          placeholder="location"
          type="text"
          value="Seattle, WA"
        />
      </label>
      <label
        for="use-dropdown-animal"
      >
        Animal
        <select
          id="use-dropdown-animal"
          name="Animal"
        >
          <option
            value="All"
          >
            All
          </option>
          <option
            value="barnyard"
          >
            barnyard
          </option>
          <option
            value="bird"
          >
            bird
          </option>
          <option
            value="cat"
          >
            cat
          </option>
          <option
            value="dog"
          >
            dog
          </option>
          <option
            value="horse"
          >
            horse
          </option>
          <option
            value="rabbit"
          >
            rabbit
          </option>
          <option
            value="scales-fins-other"
          >
            scales-fins-other
          </option>
          <option
            value="small-furry"
          >
            small-furry
          </option>
        </select>
      </label>
      <label
        for="use-dropdown-breed"
      >
        Breed
        <select
          disabled=""
          id="use-dropdown-breed"
          name="Breed"
        >
          <option
            value="All"
          >
            All
          </option>
        </select>
      </label>
      <label
        for="theme"
      >
        Theme
        <select
          id="theme"
          name="theme"
        >
          <option
            value="pere"
          >
            peru
          </option>
          <option
            value="#bada55"
          >
            bada55
          </option>
          <option
            value="mediumorchid"
          >
            medium orchid
          </option>
        </select>
      </label>
      <button
        style="background-color: green;"
        type="submit"
      >
        Submit
      </button>
    </form>
    <div
      class="search"
    >
      <h1>
        No pets found.
      </h1>
    </div>
  </div>
</DocumentFragment>
`;
